2026-10-06T15:00:33+00:00 INFO Starting wbte_get_woo_products()
2026-10-06T15:00:33+00:00 INFO Total published products: 65
2026-10-06T15:00:33+00:00 INFO Using optimized query: Fetching all products.
2026-10-06T15:00:33+00:00 INFO Found 65 products.
2026-10-06T15:00:33+00:00 INFO Returns: 65 products & variations
2026-10-06T15:01:33+00:00 INFO Starting wbte_get_woo_products()
2026-10-06T15:01:33+00:00 INFO Total published products: 65
2026-10-06T15:01:33+00:00 INFO Using optimized query: Fetching all products.
2026-10-06T15:01:33+00:00 INFO Found 65 products.
2026-10-06T15:01:33+00:00 INFO Returns: 65 products & variations
2026-10-06T15:02:23+00:00 INFO Starting wbte_get_woo_products()
2026-10-06T15:02:23+00:00 INFO Total published products: 65
2026-10-06T15:02:23+00:00 INFO Using optimized query: Fetching all products.
2026-10-06T15:02:23+00:00 INFO Found 65 products.
2026-10-06T15:02:23+00:00 INFO Returns: 65 products & variations
2026-10-06T15:02:39+00:00 INFO Starting wbte_get_woo_products()
2026-10-06T15:02:39+00:00 INFO Total published products: 65
2026-10-06T15:02:39+00:00 INFO Using optimized query: Fetching all products.
2026-10-06T15:02:39+00:00 INFO Found 65 products.
2026-10-06T15:02:39+00:00 INFO Returns: 65 products & variations
2026-10-06T15:02:39+00:00 INFO Starting wbte_get_woo_products()
2026-10-06T15:02:39+00:00 INFO Total published products: 65
2026-10-06T15:02:39+00:00 INFO Using optimized query: Fetching all products.
2026-10-06T15:02:39+00:00 INFO Found 65 products.
2026-10-06T15:02:39+00:00 INFO Returns: 65 products & variations
2026-10-06T15:02:50+00:00 INFO Starting wbte_get_woo_products()
2026-10-06T15:02:50+00:00 INFO Total published products: 65
2026-10-06T15:02:50+00:00 INFO Using optimized query: Fetching all products.
2026-10-06T15:02:50+00:00 INFO Found 65 products.
2026-10-06T15:02:50+00:00 INFO Returns: 65 products & variations
2026-10-06T15:02:50+00:00 INFO Starting wbte_get_woo_products()
2026-10-06T15:02:50+00:00 INFO Total published products: 65
2026-10-06T15:02:50+00:00 INFO Using optimized query: Fetching all products.
2026-10-06T15:02:50+00:00 INFO Found 65 products.
2026-10-06T15:02:50+00:00 INFO Returns: 65 products & variations
2026-10-06T15:03:47+00:00 INFO Starting wbte_get_woo_products()
2026-10-06T15:03:47+00:00 INFO Total published products: 65
2026-10-06T15:03:47+00:00 INFO Using optimized query: Fetching all products.
2026-10-06T15:03:47+00:00 INFO Found 65 products.
2026-10-06T15:03:47+00:00 INFO Returns: 65 products & variations
